../Core/lfs/lfs.c:307:20:lfs_pair_isnull	0	static
../Core/lfs/lfs.c:311:19:lfs_pair_cmp	8	static
../Core/lfs/lfs.c:386:26:lfs_tag_dsize	0	static
../Core/lfs/lfs.c:406:20:lfs_gstate_xor	0	static
../Core/lfs/lfs.c:412:20:lfs_gstate_iszero	0	static
../Core/lfs/lfs.c:436:20:lfs_gstate_hasmovehere	8	static
../Core/lfs/lfs.c:507:13:lfs_mlist_isopen	0	static
../Core/lfs/lfs.c:626:12:lfs_alloc_lookahead	0	static
../Core/lfs/lfs.c:849:12:lfs_dir_traverse_filter	12	static
../Core/lfs/lfs.c:1911:12:lfs_dir_commit_size	8	static
../Core/lfs/lfs.c:5168:12:lfs_fs_size_count	0	static
../Core/lfs/lfs.c:4890:12:lfs_fs_preporphans	8	static
../Core/lfs/lfs.c:44:12:lfs_bd_read	64	static
../Core/lfs/lfs.c:718:19:lfs_dir_getslice	64	static
../Core/lfs/lfs.c:783:19:lfs_dir_get	24	static
../Core/lfs/lfs.c:1391:12:lfs_dir_getgstate	40	static
../Core/lfs/lfs.c:4831:12:lfs_fs_parent_match	40	static
../Core/lfs/lfs.c:4367:12:lfs_deinit	8	static
../Core/lfs/lfs.c:291:20:lfs_path_islast	16	static
../Core/lfs/lfs.c:1409:12:lfs_dir_getinfo	40	static
../Core/lfs/lfs.c:275:12:lfs_bd_erase	8	static
../Core/lfs/lfs.c:4460:12:lfs_tortoise_detectcycles	8	static
../Core/lfs/lfs.c:909:12:lfs_dir_traverse.constprop	208	static
../Core/lfs/lfs.c:790:12:lfs_dir_getread.constprop	56	static
../Core/lfs/lfs.c:154:12:lfs_bd_crc.constprop	64	static
../Core/lfs/lfs.c:1104:19:lfs_dir_fetchmatch	128	static
../Core/lfs/lfs.c:4852:19:lfs_fs_parent	96	static
../Core/lfs/lfs.c:1383:12:lfs_dir_fetch	24	static
../Core/lfs/lfs.c:4792:12:lfs_fs_pred	40	static
../Core/lfs/lfs.c:1479:19:lfs_dir_find	88	static
../Core/lfs/lfs.c:127:12:lfs_bd_cmp.constprop	64	static
../Core/lfs/lfs.c:1449:12:lfs_dir_find_match	32	static
../Core/lfs/lfs.c:2869:12:lfs_ctz_index.isra	24	static
../Core/lfs/lfs.c:2882:12:lfs_ctz_find.constprop	72	static
../Core/lfs/lfs.c:3488:20:lfs_file_flushedread	56	static
../Core/lfs/lfs.c:3016:12:lfs_ctz_traverse	72	static
../Core/lfs/lfs.c:4689:5:lfs_fs_traverse_	120	static
../Core/lfs/lfs.c:640:12:lfs_alloc_scan	16	static
../Core/lfs/lfs.c:665:12:lfs_alloc	24	static
../Core/lfs/lfs.c:1811:12:lfs_dir_alloc	32	static
../Core/lfs/lfs.c:5175:20:lfs_fs_size_	16	static
../Core/lfs/lfs.c:38:20:lfs_cache_zero.isra	8	static
../Core/lfs/lfs.c:4194:12:lfs_init	24	static
../Core/lfs/lfs.c:176:12:lfs_bd_flush	48	static
../Core/lfs/lfs.c:227:12:lfs_bd_prog	48	static
../Core/lfs/lfs.c:3262:12:lfs_file_relocate	64	static
../Core/lfs/lfs.c:3568:20:lfs_file_flushedwrite	104	static
../Core/lfs/lfs.c:1600:12:lfs_dir_commitprog	40	static
../Core/lfs/lfs.c:1617:12:lfs_dir_commitattr	64	static
../Core/lfs/lfs.c:1928:12:lfs_dir_commit_commit	0	static
../Core/lfs/lfs.c:3346:12:lfs_file_flush	128	static
../Core/lfs/lfs.c:3652:20:lfs_file_write_	40	static
../Core/lfs/lfs.c:211:12:lfs_bd_sync.constprop	8	static
../Core/lfs/lfs.c:1665:12:lfs_dir_commitcrc	80	static
../Core/lfs/lfs.c:1948:12:lfs_dir_compact	128	static
../Core/lfs/lfs.c:1876:12:lfs_dir_split	80	static
../Core/lfs/lfs.c:2230:12:lfs_dir_relocatingcommit	128	static
../Core/lfs/lfs.c:2404:12:lfs_dir_orphaningcommit	160	static
../Core/lfs/lfs.c:3696:19:lfs_file_seek_	32	static
../Core/lfs/lfs.c:4987:12:lfs_fs_deorphan	176	static
../Core/lfs/lfs.c:2597:12:lfs_dir_commit	8	static
../Core/lfs/lfs.c:1855:12:lfs_dir_drop	24	static
../Core/lfs/lfs.c:3427:12:lfs_file_sync_	40	static
../Core/lfs/lfs.c:3242:12:lfs_file_close_	16	static
../Core/lfs/lfs.c:4137:12:lfs_commitattr	64	static
../Core/lfs/lfs.c:5118:12:lfs_fs_forceconsistency	96	static
../Core/lfs/lfs.c:3061:12:lfs_file_opencfg_	72	static
../Core/lfs/lfs.c:5967:5:lfs_format	104	static
../Core/lfs/lfs.c:6026:5:lfs_unmount	0	static
../Core/lfs/lfs.c:5997:5:lfs_mount	144	static
../Core/lfs/lfs.c:6041:5:lfs_remove	120	static
../Core/lfs/lfs.c:6057:5:lfs_rename	224	static
../Core/lfs/lfs.c:6072:5:lfs_stat	56	static
../Core/lfs/lfs.c:6086:13:lfs_getattr	64	static
../Core/lfs/lfs.c:6103:5:lfs_setattr	8	static
../Core/lfs/lfs.c:6121:5:lfs_removeattr	16	static
../Core/lfs/lfs.c:6137:5:lfs_file_open	16	static
../Core/lfs/lfs.c:6154:5:lfs_file_opencfg	16	static
../Core/lfs/lfs.c:6174:5:lfs_file_close	8	static
../Core/lfs/lfs.c:6190:5:lfs_file_sync	8	static
../Core/lfs/lfs.c:6206:13:lfs_file_read	24	static
../Core/lfs/lfs.c:6224:13:lfs_file_write	8	static
../Core/lfs/lfs.c:6242:12:lfs_file_seek	8	static
../Core/lfs/lfs.c:6260:5:lfs_file_truncate	48	static
../Core/lfs/lfs.c:6277:12:lfs_file_tell	8	static
../Core/lfs/lfs.c:6292:5:lfs_file_rewind	8	static
../Core/lfs/lfs.c:6306:12:lfs_file_size	8	static
../Core/lfs/lfs.c:6322:5:lfs_mkdir	184	static
../Core/lfs/lfs.c:6337:5:lfs_dir_open	48	static
../Core/lfs/lfs.c:6352:5:lfs_dir_close	0	static
../Core/lfs/lfs.c:6366:5:lfs_dir_read	24	static
../Core/lfs/lfs.c:6381:5:lfs_dir_seek	32	static
../Core/lfs/lfs.c:6396:12:lfs_dir_tell	0	static
../Core/lfs/lfs.c:6410:5:lfs_dir_rewind	8	static
../Core/lfs/lfs.c:6424:5:lfs_fs_stat	80	static
../Core/lfs/lfs.c:6438:13:lfs_fs_size	0	static
../Core/lfs/lfs.c:6452:5:lfs_fs_traverse	0	static
../Core/lfs/lfs.c:6468:5:lfs_fs_mkconsistent	64	static
../Core/lfs/lfs.c:6484:5:lfs_fs_gc	48	static
../Core/lfs/lfs.c:6500:5:lfs_fs_grow	88	static
