../Drivers/STM32WLxx_HAL_Driver/Src/stm32wlxx_hal_adc_ex.c:102:19:HAL_ADCEx_Calibration_Start	32	static
../Drivers/STM32WLxx_HAL_Driver/Src/stm32wlxx_hal_adc_ex.c:248:10:HAL_ADCEx_Calibration_GetValue	0	static
../Drivers/STM32WLxx_HAL_Driver/Src/stm32wlxx_hal_adc_ex.c:264:19:HAL_ADCEx_Calibration_SetValue	8	static
../Drivers/STM32WLxx_HAL_Driver/Src/stm32wlxx_hal_adc_ex.c:307:13:HAL_ADCEx_LevelOutOfWindow2Callback	0	static
../Drivers/STM32WLxx_HAL_Driver/Src/stm32wlxx_hal_adc_ex.c:322:13:HAL_ADCEx_LevelOutOfWindow3Callback	0	static
../Drivers/STM32WLxx_HAL_Driver/Src/stm32wlxx_hal_adc_ex.c:338:13:HAL_ADCEx_EndOfSamplingCallback	0	static
../Drivers/STM32WLxx_HAL_Driver/Src/stm32wlxx_hal_adc_ex.c:353:13:HAL_ADCEx_ChannelConfigReadyCallback	0	static
../Drivers/STM32WLxx_HAL_Driver/Src/stm32wlxx_hal_adc_ex.c:376:19:HAL_ADCEx_DisableVoltageRegulator	0	static
