../Drivers/STM32WLxx_HAL_Driver/Inc/stm32wlxx_ll_bus.h:449:22:LL_AHB2_GRP1_EnableClock	8	static
../Drivers/STM32WLxx_HAL_Driver/Inc/stm32wlxx_ll_bus.h:1303:22:LL_APB2_GRP1_EnableClock	8	static
../Core/Src/stm32wlxx_hal_msp.c:64:6:HAL_MspInit	0	static
../Core/Src/stm32wlxx_hal_msp.c:84:6:HAL_ADC_MspInit	64	static
../Core/Src/stm32wlxx_hal_msp.c:118:6:HAL_ADC_MspDeInit	0	static
../Core/Src/stm32wlxx_hal_msp.c:140:6:HAL_UART_MspInit	96	static
../Core/Src/stm32wlxx_hal_msp.c:245:6:HAL_UART_MspDeInit	8	static
../Core/Src/stm32wlxx_hal_msp.c:299:6:HAL_RTC_MspInit	72	static
../Core/Src/stm32wlxx_hal_msp.c:340:6:HAL_RTC_MspDeInit	8	static
../Core/Src/stm32wlxx_hal_msp.c:367:6:HAL_SPI_MspInit	32	static
../Core/Src/stm32wlxx_hal_msp.c:405:6:HAL_SPI_MspDeInit	0	static
../Core/Src/stm32wlxx_hal_msp.c:435:6:HAL_SUBGHZ_MspInit	16	static
../Core/Src/stm32wlxx_hal_msp.c:457:6:HAL_SUBGHZ_MspDeInit	0	static
