../Core/gui/gw_app.c:107:13:prv_cancel_pending_beacon_burst	0	static
../Core/gui/gw_app.c:225:13:prv_radio_ready_for_rx	0	static
../Core/gui/gw_app.c:384:17:prv_next_event_centi	16	static
../Core/gui/gw_app.c:458:13:prv_get_setting_value_unit_ascii_first	16	static
../Core/gui/gw_app.c:498:13:prv_update_test_mode	16	static
../Core/gui/gw_app.c:514:17:prv_get_setting_cycle_sec	16	static
../Core/gui/gw_app.c:625:13:prv_is_minute_test_active	16	static
../Core/gui/gw_app.c:507:13:prv_is_two_minute_mode_active	16	static
../Core/gui/gw_app.c:560:17:prv_get_hop_period_sec	8	static
../Core/gui/gw_app.c:354:17:prv_get_nd_window_base_offset_sec	16	static
../Core/gui/gw_app.c:1003:13:prv_schedule_after_ms	16	static
../Core/gui/gw_app.c:180:13:prv_led1	0	static
../Core/gui/gw_app.c:208:13:prv_led1_pulse_10ms	8	static
../Core/gui/gw_app.c:202:13:prv_led1_pulse_off_cb	0	static
../Core/gui/gw_app.c:609:17:prv_get_current_cycle_timestamp_sec	8	static
../Core/gui/gw_app.c:748:13:prv_flash_tx_resync_after_storage_change	8	static
../Core/gui/gw_app.c:665:17:prv_flash_tx_pending_count	8	static
../Core/gui/gw_app.c:779:13:prv_save_hour_rec_verified	16	static
../Core/gui/gw_app.c:1072:13:prv_tmr_wakeup_cb	0	static
../Core/gui/gw_app.c:277:13:prv_hour_rec_init	24	static
../Core/gui/gw_app.c:688:13:prv_flash_tx_note_saved.part.0	8	static
../Core/gui/gw_app.c:972:13:prv_requeue_events	0	static
../Core/gui/gw_app.c:844:13:prv_is_catm1_periodic_active	8	static
../Core/gui/gw_app.c:867:17:prv_get_catm1_period_sec	8	static
../Core/gui/gw_app.c:1055:13:prv_start_pending_beacon_burst	32	static
../Core/gui/gw_app.c:981:13:prv_arm_rx_slot	16	static
../Core/gui/gw_app.c:419:13:prv_is_event_due_now.constprop	24	static
../Core/gui/gw_app.c:809:13:prv_handle_test50_actions	16	static
../Core/gui/gw_app.c:1448:13:prv_schedule_wakeup	32	static
../Core/gui/gw_app.c:915:13:prv_run_catm1_uplink_now.part.0	744	static
../Core/gui/gw_app.c:915:13:prv_run_catm1_uplink_now	0	static
../Core/gui/gw_app.c:1661:13:prv_rx_next_slot	16	static
../Core/gui/gw_app.c:1079:6:GW_App_Process	120	static
../Core/gui/gw_app.c:1534:6:GW_App_Init	24	static
../Core/gui/gw_app.c:1580:6:UI_Hook_OnConfigChanged	8	static
../Core/gui/gw_app.c:1596:6:UI_Hook_OnSettingChanged	8	static
../Core/gui/gw_app.c:1617:6:UI_Hook_OnTimeChanged	8	static
../Core/gui/gw_app.c:1632:6:UI_Hook_OnBeaconOnceRequested	8	static
../Core/gui/gw_app.c:1648:6:GW_Radio_OnTxDone	0	static
../Core/gui/gw_app.c:1654:6:GW_Radio_OnTxTimeout	8	static
../Core/gui/gw_app.c:1725:6:GW_Radio_OnRxDone	8	static
../Core/gui/gw_app.c:1742:6:GW_Radio_OnRxTimeout	8	static
../Core/gui/gw_app.c:1749:6:GW_Radio_OnRxError	8	static
