../Core/gui/gw_app.c:183:17:prv_next_event_centi	16	static
../Core/gui/gw_app.c:133:13:prv_radio_ready_for_rx	8	static
../Core/gui/gw_app.c:258:13:prv_update_test_mode	8	static
../Core/gui/gw_app.c:342:13:prv_setting_requests_ble_keepalive	8	static
../Core/gui/gw_app.c:266:17:prv_get_setting_cycle_sec	8	static
../Core/gui/gw_app.c:302:17:prv_get_hop_period_sec	8	static
../Core/gui/gw_app.c:322:13:prv_is_minute_test_active	8	static
../Core/gui/gw_app.c:113:13:prv_led1_pulse_10ms	8	static
../Core/gui/gw_app.c:631:13:prv_tmr_ble_keepalive_cb	0	static
../Core/gui/gw_app.c:578:13:prv_start_beacon_tx	48	static
../Core/gui/gw_app.c:145:13:prv_hour_rec_init	16	static
../Core/gui/gw_app.c:621:13:prv_tmr_wakeup_cb	24	static
../Core/gui/gw_app.c:421:13:prv_is_catm1_periodic_active	8	static
../Core/gui/gw_app.c:439:17:prv_get_catm1_period_sec	8	static
../Core/gui/gw_app.c:333:13:prv_hold_ble_for_minute_test	8	static
../Core/gui/gw_app.c:383:13:prv_handle_test50_actions	16	static
../Core/gui/gw_app.c:348:13:prv_schedule_ble_keepalive	8	static
../Core/gui/gw_app.c:359:13:prv_ble_keepalive_kick	16	static
../Core/gui/gw_app.c:523:13:prv_requeue_events	0	static
../Core/gui/gw_app.c:532:13:prv_arm_rx_slot	32	static
../Core/gui/gw_app.c:558:13:prv_schedule_after_ms.constprop	8	static
../Core/gui/gw_app.c:219:13:prv_is_event_due_now.part.0.constprop	24	static
../Core/gui/gw_app.c:971:13:prv_schedule_wakeup	32	static
../Core/gui/gw_app.c:496:13:prv_run_catm1_uplink_now	16	static
../Core/gui/gw_app.c:1180:13:prv_rx_next_slot	24	static
../Core/gui/gw_app.c:107:13:prv_led1_pulse_off_cb	0	static
../Core/gui/gw_app.c:638:6:GW_App_Process	128	static
../Core/gui/gw_app.c:1045:6:GW_App_Init	24	static
../Core/gui/gw_app.c:1093:6:UI_Hook_OnConfigChanged	8	static
../Core/gui/gw_app.c:1106:6:UI_Hook_OnSettingChanged	8	static
../Core/gui/gw_app.c:1131:6:UI_Hook_OnTimeChanged	8	static
../Core/gui/gw_app.c:1148:6:UI_Hook_OnBeaconOnceRequested	8	static
../Core/gui/gw_app.c:1165:6:GW_Radio_OnTxDone	8	static
../Core/gui/gw_app.c:1172:6:GW_Radio_OnTxTimeout	8	static
../Core/gui/gw_app.c:1233:6:GW_Radio_OnRxDone	32	static
../Core/gui/gw_app.c:1253:6:GW_Radio_OnRxTimeout	8	static
../Core/gui/gw_app.c:1261:6:GW_Radio_OnRxError	8	static
