../Core/gui/gw_catm1.c:262:13:prv_lpuart_is_inited	0	static
../Core/gui/gw_catm1.c:57:13:prv_catm1_rb_reset	8	static
../Core/gui/gw_catm1.c:64:13:prv_catm1_rx_start_it	8	static
../Core/gui/gw_catm1.c:111:13:prv_backlog_dbg_sync	8	static
../Core/gui/gw_catm1.c:80:13:prv_catm1_rb_pop_wait	24	static
../Core/gui/gw_catm1.c:906:13:prv_parse_cnact_ctx0	80	static
../Core/gui/gw_catm1.c:1144:13:prv_node_valid	0	static
../Core/gui/gw_catm1.c:267:13:prv_lpuart_ensure	8	static
../Core/gui/gw_catm1.c:339:13:prv_uart_flush_rx	8	static
../Core/gui/gw_catm1.c:1161:13:prv_append_fmt.constprop	20	static
../Core/gui/gw_catm1.c:1301:13:prv_append_value_or_x_i32.constprop	16	static
../Core/gui/gw_catm1.c:350:13:prv_uart_wait_for.constprop	56	static
../Core/gui/gw_catm1.c:178:13:prv_time_dbg_format_epoch_text.constprop	48	static
../Core/gui/gw_catm1.c:244:13:prv_time_dbg_set_stage	176	static
../Core/gui/gw_catm1.c:1359:15:prv_build_snapshot_payload.constprop	112	static
../Core/gui/gw_catm1.c:334:13:prv_uart_send_text.constprop	16	static
../Core/gui/gw_catm1.c:410:13:prv_send_cmd_wait.constprop	24	static
../Core/gui/gw_catm1.c:1044:13:prv_send_tcp_chunk	608	static
../Core/gui/gw_catm1.c:1078:13:prv_send_tcp_stream	24	static
../Core/gui/gw_catm1.c:434:13:prv_send_query_wait_prefix_ok.constprop	56	static
../Core/gui/gw_catm1.c:535:13:prv_send_query_wait_cnact_ok.constprop	48	static
../Core/gui/gw_catm1.c:1455:6:GW_Catm1_UartRxCpltCallback	8	static
../Core/gui/gw_catm1.c:1472:6:GW_Catm1_UartErrorCallback	0	static
../Core/gui/gw_catm1.c:1482:6:GW_Catm1_Init	8	static
../Core/gui/gw_catm1.c:1489:6:GW_Catm1_PowerOn	8	static
../Core/gui/gw_catm1.c:1510:6:GW_Catm1_PowerOff	272	static
../Core/gui/gw_catm1.c:1551:6:GW_Catm1_IsBusy	0	static
../Core/gui/gw_catm1.c:1556:6:GW_Catm1_SetBusy	0	static
../Core/gui/gw_catm1.c:1561:6:GW_Catm1_SendSnapshot	1136	static
