../Core/gui/gw_catm1.c:200:13:prv_lpuart_is_inited	0	static
../Core/gui/gw_catm1.c:100:13:prv_catm1_rb_reset	8	static
../Core/gui/gw_catm1.c:130:13:prv_catm1_rx_start_it	8	static
../Core/gui/gw_catm1.c:146:13:prv_catm1_rb_pop_wait	24	static
../Core/gui/gw_catm1.c:177:13:prv_wait_rx_quiet	32	static
../Core/gui/gw_catm1.c:1200:13:prv_parse_cnact_ctx0	80	static
../Core/gui/gw_catm1.c:229:13:prv_lpuart_release	8	static
../Core/gui/gw_catm1.c:241:13:prv_get_server	16	static
../Core/gui/gw_catm1.c:205:13:prv_lpuart_ensure	8	static
../Core/gui/gw_catm1.c:277:13:prv_uart_flush_rx	8	static
../Core/gui/gw_catm1.c:1445:13:prv_append_fmt.constprop	28	static
../Core/gui/gw_catm1.c:1544:15:prv_build_snapshot_payload.constprop	112	static
../Core/gui/gw_catm1.c:288:13:prv_uart_wait_for.constprop	48	static
../Core/gui/gw_catm1.c:272:13:prv_uart_send_text.constprop	16	static
../Core/gui/gw_catm1.c:353:13:prv_send_cmd_wait.constprop	24	static
../Core/gui/gw_catm1.c:740:13:prv_enable_network_time_auto_update	272	static
../Core/gui/gw_catm1.c:1288:13:prv_open_tcp	384	static
../Core/gui/gw_catm1.c:377:13:prv_send_query_wait_prefix_ok.constprop	56	static
../Core/gui/gw_catm1.c:1310:13:prv_query_caack.constprop	280	static
../Core/gui/gw_catm1.c:1375:13:prv_send_tcp_payload	344	static
../Core/gui/gw_catm1.c:1177:13:prv_wait_ps_attached_until	296	static
../Core/gui/gw_catm1.c:1113:13:prv_wait_eps_registered_until	296	static
../Core/gui/gw_catm1.c:856:13:prv_query_network_time_epoch_retry	368	static
../Core/gui/gw_catm1.c:482:13:prv_send_query_wait_cnact_ok.constprop	48	static
../Core/gui/gw_catm1.c:1233:13:prv_activate_pdp	384	static
../Core/gui/gw_catm1.c:940:13:prv_sync_time_from_modem_startup	664	static
../Core/gui/gw_catm1.c:1618:6:GW_Catm1_UartRxCpltCallback	8	static
../Core/gui/gw_catm1.c:1639:6:GW_Catm1_UartErrorCallback	0	static
../Core/gui/gw_catm1.c:1649:6:GW_Catm1_Init	0	static
../Core/gui/gw_catm1.c:1655:6:GW_Catm1_PowerOn	8	static
../Core/gui/gw_catm1.c:678:13:prv_start_session.constprop	560	static
../Core/gui/gw_catm1.c:1678:6:GW_Catm1_PowerOff	272	static
../Core/gui/gw_catm1.c:1738:6:GW_Catm1_IsBusy	0	static
../Core/gui/gw_catm1.c:1743:6:GW_Catm1_SetBusy	0	static
../Core/gui/gw_catm1.c:1748:6:GW_Catm1_ClearTimeSyncDeltaBuf	8	static
../Core/gui/gw_catm1.c:1753:9:GW_Catm1_GetTimeSyncDeltaCount	0	static
../Core/gui/gw_catm1.c:1758:9:GW_Catm1_CopyTimeSyncDeltaBuf	20	static
../Core/gui/gw_catm1.c:1791:6:GW_Catm1_SyncTimeOnce	16	static
../Core/gui/gw_catm1.c:1826:6:GW_Catm1_QueryAndStoreLoc	464	static
../Core/gui/gw_catm1.c:1889:6:GW_Catm1_SendSnapshot	2200	static
../Core/gui/gw_catm1.c:1982:6:GW_Catm1_SendStoredRange	2232	static
