../Core/gui/ui_ble.c:162:13:prv_led_schedule_next	8	static
../Core/gui/ui_ble.c:66:13:prv_hw_set_led0	0	static
../Core/gui/ui_ble.c:57:13:prv_hw_set_bt	0	static
../Core/gui/ui_ble.c:50:13:prv_tmr_uart_init_cb	0	static
../Core/gui/ui_ble.c:43:13:prv_tmr_led_cb	0	static
../Core/gui/ui_ble.c:36:13:prv_tmr_timeout_cb	0	static
../Core/gui/ui_ble.c:141:13:prv_serial_init_after_ble_delay	24	static
../Core/gui/ui_ble.c:106:13:prv_lpuart1_release_after_ble_off	8	static
../Core/gui/ui_ble.c:243:6:UI_BLE_Init	16	static
../Core/gui/ui_ble.c:269:6:UI_BLE_EnableForMs	24	static
../Core/gui/ui_ble.c:315:6:UI_BLE_ExtendMs	0	static
../Core/gui/ui_ble.c:325:6:UI_BLE_Disable	8	static
../Core/gui/ui_ble.c:172:6:UI_BLE_Process	16	static
../Core/gui/ui_ble.c:351:6:UI_BLE_IsActive	0	static
../Core/gui/ui_ble.c:356:6:UI_BLE_RequestStopNow	0	static
../Core/gui/ui_ble.c:363:6:UI_BLE_ClearFlagsBeforeStop	8	static
../Core/gui/ui_ble.c:387:6:UI_BLE_IsSerialReady	0	static
../Core/gui/ui_ble.c:392:6:UI_BLE_EnsureSerialReady	16	static
../Core/gui/ui_ble.c:410:6:UI_Hook_OnBleEndRequested	0	static
