../Core/gui/ui_config.c:129:13:prv_sanitize_cfg	16	static
../Core/gui/ui_config.c:210:13:prv_load_from_flash	16	static
../Core/gui/ui_config.c:224:20:UI_GetConfig	24	static
../Core/gui/ui_config.c:235:6:UI_Config_Save	232	static
../Core/gui/ui_config.c:292:6:UI_SetNetId	0	static
../Core/gui/ui_config.c:297:6:UI_SetGwNum	0	static
../Core/gui/ui_config.c:303:6:UI_SetMaxNodes	0	static
../Core/gui/ui_config.c:310:6:UI_SetNodeNum	0	static
../Core/gui/ui_config.c:316:6:UI_SetSetting	12	static
../Core/gui/ui_config.c:331:6:UI_SetTcpIp	0	static
../Core/gui/ui_config.c:337:6:UI_SetLocAscii	8	static
../Core/gui/ui_config.c:349:13:UI_GetLocAscii	0	static
