../Core/gui/ui_fault.c:70:13:prv_clear_current_runtime	16	static
../Core/gui/ui_fault.c:151:13:prv_bkp_restore	8	static
../Core/gui/ui_fault.c:30:13:prv_copy_text.part.0	12	static
../Core/gui/ui_fault.c:239:6:UI_Fault_ClearRuntime	0	static
../Core/gui/ui_fault.c:244:6:UI_Fault_Mark	32	static
../Core/gui/ui_fault.c:264:6:UI_Fault_MarkCmd	0	static
../Core/gui/ui_fault.c:269:6:UI_Fault_Checkpoint	32	static
../Core/gui/ui_fault.c:282:6:UI_Fault_CaptureResetFlags	0	static
../Core/gui/ui_fault.c:365:29:UI_Fault_HardFaultEntry	0	static,ignoring_inline_asm
../Core/gui/ui_fault.c:378:24:UI_Fault_Bp_ResetRecovered	0	static,ignoring_inline_asm
../Core/gui/ui_fault.c:192:6:UI_Fault_Init	1000	static
../Core/gui/ui_fault.c:379:24:UI_Fault_Bp_StopEnter	0	static,ignoring_inline_asm
../Core/gui/ui_fault.c:380:24:UI_Fault_Bp_BleBtOn	0	static,ignoring_inline_asm
../Core/gui/ui_fault.c:381:24:UI_Fault_Bp_BleUartInit	0	static,ignoring_inline_asm
../Core/gui/ui_fault.c:382:24:UI_Fault_Bp_BleAtReset	0	static,ignoring_inline_asm
../Core/gui/ui_fault.c:383:24:UI_Fault_Bp_UartError	0	static,ignoring_inline_asm
../Core/gui/ui_fault.c:384:24:UI_Fault_Bp_GwKeepalive	0	static,ignoring_inline_asm
../Core/gui/ui_fault.c:385:24:UI_Fault_Bp_GwWakeCb	0	static,ignoring_inline_asm
../Core/gui/ui_fault.c:386:24:UI_Fault_Bp_GwBeaconSend	0	static,ignoring_inline_asm
../Core/gui/ui_fault.c:387:24:UI_Fault_Bp_GwRxArm	0	static,ignoring_inline_asm
../Core/gui/ui_fault.c:388:24:UI_Fault_Bp_GwRxDone	0	static,ignoring_inline_asm
../Core/gui/ui_fault.c:389:24:UI_Fault_Bp_HardFault	0	static,ignoring_inline_asm
../Core/gui/ui_fault.c:320:6:UI_Fault_CaptureHardFault	8	static,ignoring_inline_asm
../Core/gui/ui_fault.c:346:6:UI_Fault_CaptureHardFaultStack	16	static
