../Core/gui/ui_lpm.c:65:13:prv_disable_uart_clock	0	static
../Core/gui/ui_lpm.c:112:6:UI_LPM_Init	0	static
../Core/gui/ui_lpm.c:118:6:UI_LPM_LockStop	0	static
../Core/gui/ui_lpm.c:124:6:UI_LPM_UnlockStop	0	static
../Core/gui/ui_lpm.c:137:6:UI_LPM_IsStopLocked	0	static
../Core/gui/ui_lpm.c:142:6:UI_UART1_TxDma_DeInit	0	static
../Core/gui/ui_lpm.c:154:6:UI_LPM_BeforeStop_DeInitPeripherals	8	static
../Core/gui/ui_lpm.c:191:6:UI_LPM_AfterStop_ReInitPeripherals	0	static
../Core/gui/ui_lpm.c:204:6:UI_LPM_EnterStopNow	8	static
